[ERROR] 2016-02-01 20:46:34.642 [http-nio-8082-exec-5] c.y.web.controller.CoreController - new Exception
